// Jest Snapshot v1, https://goo.gl/fbAQLP

exports[`App Renders Properly 1`] = `ShallowWrapper {}`;
