// Jest Snapshot v1, https://goo.gl/fbAQLP

exports[`Loot Renders Properly 1`] = `ReactWrapper {}`;
