// Jest Snapshot v1, https://goo.gl/fbAQLP

exports[`Wallet Renders Properly 1`] = `ShallowWrapper {}`;
