// Jest Snapshot v1, https://goo.gl/fbAQLP

exports[`Gift Renders Properly 1`] = `ShallowWrapper {}`;
